====== assert ======
--- checkallpass
-		assert(true,nil)	true,nil
-		assert(123,nil)	123,nil
-		assert(true,'abc')	true,'abc'
-		assert(123,'abc')	123,'abc'
-		assert(true,1.25)	true,1.25
-		assert(123,1.25)	123,1.25
-		assert(true,true)	true,true
-		assert(123,true)	123,true
-		assert(true,<table>)	true,<table>
-		assert(123,<table>)	123,<table>
-		assert(true,<function>)	true,<function>
-		assert(123,<function>)	123,<function>
-		assert(true,<thread>)	true,<thread>
-		assert(123,<thread>)	123,<thread>
--- checkallerrors
-		assert(nil)	...assertion failed...
-		assert(false)	...assertion failed...
--- checkallerrors
-		assert(nil,'message')	...message...
-		assert(false,'message')	...message...
====== collectgarbage ======
--- checkallpass
-		collectgarbage('collect')	number
-		collectgarbage('count')	number
--- checkallerrors
-		collectgarbage('abc')	...bad argument...
-		collectgarbage(1.25)	...bad argument...
--- checkallerrors
-		collectgarbage(true)	...string expected...
-		collectgarbage(<table>)	...string expected...
-		collectgarbage(<function>)	...string expected...
-		collectgarbage(<thread>)	...string expected...
====== dofile ======
--- checkallpass
-		dofile('args.lua')	
--- checkallerrors
-		dofile('foo.bar')	...cannot open foo.bar...
--- checkallerrors
-		dofile(true)	...bad argument...
-		dofile(<table>)	...bad argument...
-		dofile(<function>)	...bad argument...
-		dofile(<thread>)	...bad argument...
====== error ======
--- checkallerrors
-		error('message',nil)	...message...
-		error('message',0)	...message...
-		error('message',1)	...message...
-		error('message',2)	...message...
--- checkallerrors
-		error(123,nil)	...123...
-		error(123,1)	...123...
-		error(123,2)	...123...
====== getfenv ======
--- checkallpass
-		getfenv(nil)	<table>
-		getfenv(<function>)	<table>
-		getfenv(<function>)	<table>
-		getfenv(0)	<table>
-		getfenv(1)	<table>
--- checkallerrors
-		getfenv(true)	...bad argument...
-		getfenv(<table>)	...bad argument...
-		getfenv('abc')	...bad argument...
====== getmetatable ======
--- checkallpass
-		getmetatable('abc')	<table>
-		getmetatable(1.25)	nil
-		getmetatable(true)	nil
-		getmetatable(<table>)	nil
-		getmetatable(<function>)	nil
-		getmetatable(<thread>)	nil
--- checkallerrors
-		getmetatable()	...bad argument...
====== ipairs ======
--- checkallpass
-		ipairs('abc')	<function>,'abc',0
-		ipairs(1.25)	<function>,1.25,0
-		ipairs(true)	<function>,true,0
-		ipairs(<table>)	<function>,<table>,0
-		ipairs(<function>)	<function>,<function>,0
-		ipairs(<thread>)	<function>,<thread>,0
--- checkallerrors
====== load ======
--- checkallpass
-		load(<function>,nil)	<function>
-		load('return 0',nil)	<function>
-		load(<function>,'abc')	<function>
-		load('return 0','abc')	<function>
--- checkallerrors
-		load(nil,nil)	...bad argument...
-		load(true,nil)	...bad argument...
-		load(<table>,nil)	...bad argument...
-		load(<thread>,nil)	...bad argument...
-		load(nil,'abc')	...bad argument...
-		load(true,'abc')	...bad argument...
-		load(<table>,'abc')	...bad argument...
-		load(<thread>,'abc')	...bad argument...
-		load(nil,1.25)	...bad argument...
-		load(true,1.25)	...bad argument...
-		load(<table>,1.25)	...bad argument...
-		load(<thread>,1.25)	...bad argument...
--- checkallerrors
-		load(<function>,<function>)	...bad argument...
-		load(<function>,<table>)	...bad argument...
====== loadfile ======
--- checkallpass
-		loadfile('bogus')	nil,'cannot open bogus: No such file or directory'
--- checkallpass
-		loadfile('test/lua/errors/args.lua')	nil,'cannot open test/lua/errors/args.lua: No such file or directory'
--- checkallpass
-		loadfile('args.lua')	<function>
--- checkallerrors
-		loadfile(true)	...bad argument...
-		loadfile(<table>)	...bad argument...
-		loadfile(<function>)	...bad argument...
-		loadfile(<thread>)	...bad argument...
====== loadstring ======
--- checkallpass
-		loadstring('return')	<function>
--- checkallpass
-		loadstring('return','mychunk')	<function>
--- checkallpass
-		loadstring('return a ... b','mychunk')	nil,string
--- checkallerrors
-		loadstring(nil,nil)	...bad argument...
-		loadstring(true,nil)	...bad argument...
-		loadstring(<table>,nil)	...bad argument...
-		loadstring(<function>,nil)	...bad argument...
-		loadstring(<thread>,nil)	...bad argument...
-		loadstring(nil,'abc')	...bad argument...
-		loadstring(true,'abc')	...bad argument...
-		loadstring(<table>,'abc')	...bad argument...
-		loadstring(<function>,'abc')	...bad argument...
-		loadstring(<thread>,'abc')	...bad argument...
-		loadstring(nil,1.25)	...bad argument...
-		loadstring(true,1.25)	...bad argument...
-		loadstring(<table>,1.25)	...bad argument...
-		loadstring(<function>,1.25)	...bad argument...
-		loadstring(<thread>,1.25)	...bad argument...
--- checkallerrors
-		loadstring('return',<function>)	...bad argument...
-		loadstring('return',<table>)	...bad argument...
====== next ======
--- checkallpass
-		next(<table>,'aa')	nil
--- checkallerrors
-		next(nil,nil)	...bad argument...
-		next('abc',nil)	...bad argument...
-		next(1.25,nil)	...bad argument...
-		next(true,nil)	...bad argument...
-		next(<function>,nil)	...bad argument...
-		next(<thread>,nil)	...bad argument...
-		next(nil,1)	...bad argument...
-		next('abc',1)	...bad argument...
-		next(1.25,1)	...bad argument...
-		next(true,1)	...bad argument...
-		next(<function>,1)	...bad argument...
-		next(<thread>,1)	...bad argument...
--- checkallerrors
-		next(<table>,'abc')	...invalid key...
-		next(<table>,1.25)	...invalid key...
-		next(<table>,true)	...invalid key...
-		next(<table>,<table>)	...invalid key...
-		next(<table>,<function>)	...invalid key...
====== pairs ======
--- checkallpass
-		pairs(<table>)	<function>,<table>,nil
====== pcall ======
--- checkallpass
-		pcall('abc',nil)	boolean,string
-		pcall(1.25,nil)	boolean,string
-		pcall(true,nil)	boolean,string
-		pcall(<table>,nil)	boolean,string
-		pcall(<function>,nil)	boolean
-		pcall(<thread>,nil)	boolean,string
-		pcall('abc','abc')	boolean,string
-		pcall(1.25,'abc')	boolean,string
-		pcall(true,'abc')	boolean,string
-		pcall(<table>,'abc')	boolean,string
-		pcall(<function>,'abc')	boolean
-		pcall(<thread>,'abc')	boolean,string
-		pcall('abc',1.25)	boolean,string
-		pcall(1.25,1.25)	boolean,string
-		pcall(true,1.25)	boolean,string
-		pcall(<table>,1.25)	boolean,string
-		pcall(<function>,1.25)	boolean
-		pcall(<thread>,1.25)	boolean,string
-		pcall('abc',true)	boolean,string
-		pcall(1.25,true)	boolean,string
-		pcall(true,true)	boolean,string
-		pcall(<table>,true)	boolean,string
-		pcall(<function>,true)	boolean
-		pcall(<thread>,true)	boolean,string
-		pcall('abc',<table>)	boolean,string
-		pcall(1.25,<table>)	boolean,string
-		pcall(true,<table>)	boolean,string
-		pcall(<table>,<table>)	boolean,string
-		pcall(<function>,<table>)	boolean
-		pcall(<thread>,<table>)	boolean,string
-		pcall('abc',<function>)	boolean,string
-		pcall(1.25,<function>)	boolean,string
-		pcall(true,<function>)	boolean,string
-		pcall(<table>,<function>)	boolean,string
-		pcall(<function>,<function>)	boolean
-		pcall(<thread>,<function>)	boolean,string
-		pcall('abc',<thread>)	boolean,string
-		pcall(1.25,<thread>)	boolean,string
-		pcall(true,<thread>)	boolean,string
-		pcall(<table>,<thread>)	boolean,string
-		pcall(<function>,<thread>)	boolean
-		pcall(<thread>,<thread>)	boolean,string
--- checkallerrors
-		pcall()	...bad argument...
====== print ======
--- checkallpass

-		print()	
--- checkallpass
nil
-		print(nil)	
abc
-		print('abc')	
1.25
-		print(1.25)	
true
-		print(true)	
====== rawequal ======
--- checkallpass
-		rawequal('abc','abc')	true
-		rawequal(1.25,'abc')	false
-		rawequal(true,'abc')	false
-		rawequal(<table>,'abc')	false
-		rawequal(<function>,'abc')	false
-		rawequal(<thread>,'abc')	false
-		rawequal('abc',1.25)	false
-		rawequal(1.25,1.25)	true
-		rawequal(true,1.25)	false
-		rawequal(<table>,1.25)	false
-		rawequal(<function>,1.25)	false
-		rawequal(<thread>,1.25)	false
-		rawequal('abc',true)	false
-		rawequal(1.25,true)	false
-		rawequal(true,true)	true
-		rawequal(<table>,true)	false
-		rawequal(<function>,true)	false
-		rawequal(<thread>,true)	false
-		rawequal('abc',<table>)	false
-		rawequal(1.25,<table>)	false
-		rawequal(true,<table>)	false
-		rawequal(<table>,<table>)	true
-		rawequal(<function>,<table>)	false
-		rawequal(<thread>,<table>)	false
-		rawequal('abc',<function>)	false
-		rawequal(1.25,<function>)	false
-		rawequal(true,<function>)	false
-		rawequal(<table>,<function>)	false
-		rawequal(<function>,<function>)	true
-		rawequal(<thread>,<function>)	false
-		rawequal('abc',<thread>)	false
-		rawequal(1.25,<thread>)	false
-		rawequal(true,<thread>)	false
-		rawequal(<table>,<thread>)	false
-		rawequal(<function>,<thread>)	false
-		rawequal(<thread>,<thread>)	true
--- checkallerrors
-		rawequal()	...bad argument...
--- checkallerrors
-		rawequal('abc')	...bad argument...
-		rawequal(1.25)	...bad argument...
-		rawequal(true)	...bad argument...
-		rawequal(<table>)	...bad argument...
-		rawequal(<function>)	...bad argument...
-		rawequal(<thread>)	...bad argument...
====== rawget ======
--- checkallpass
-		rawget(<table>,'aa')	456
--- checkallpass
-		rawget(<table>,'abc')	nil
-		rawget(<table>,1.25)	nil
-		rawget(<table>,true)	nil
-		rawget(<table>,<table>)	nil
-		rawget(<table>,<function>)	nil
--- checkallerrors
--- checkallerrors
-		rawget(nil,'abc')	...bad argument...
-		rawget('abc','abc')	...bad argument...
-		rawget(1.25,'abc')	...bad argument...
-		rawget(true,'abc')	...bad argument...
-		rawget(<function>,'abc')	...bad argument...
-		rawget(<thread>,'abc')	...bad argument...
-		rawget(nil,1.25)	...bad argument...
-		rawget('abc',1.25)	...bad argument...
-		rawget(1.25,1.25)	...bad argument...
-		rawget(true,1.25)	...bad argument...
-		rawget(<function>,1.25)	...bad argument...
-		rawget(<thread>,1.25)	...bad argument...
-		rawget(nil,true)	...bad argument...
-		rawget('abc',true)	...bad argument...
-		rawget(1.25,true)	...bad argument...
-		rawget(true,true)	...bad argument...
-		rawget(<function>,true)	...bad argument...
-		rawget(<thread>,true)	...bad argument...
-		rawget(nil,<table>)	...bad argument...
-		rawget('abc',<table>)	...bad argument...
-		rawget(1.25,<table>)	...bad argument...
-		rawget(true,<table>)	...bad argument...
-		rawget(<function>,<table>)	...bad argument...
-		rawget(<thread>,<table>)	...bad argument...
-		rawget(nil,<function>)	...bad argument...
-		rawget('abc',<function>)	...bad argument...
-		rawget(1.25,<function>)	...bad argument...
-		rawget(true,<function>)	...bad argument...
-		rawget(<function>,<function>)	...bad argument...
-		rawget(<thread>,<function>)	...bad argument...
--- checkallerrors
-		rawget()	...bad argument...
====== rawset ======
--- checkallpass
-		rawset(<table>,'aa','abc')	<table>
-		rawset(<table>,'aa',1.25)	<table>
-		rawset(<table>,'aa',true)	<table>
-		rawset(<table>,'aa',<table>)	<table>
-		rawset(<table>,'aa',<function>)	<table>
-		rawset(<table>,'aa',<thread>)	<table>
--- checkallpass
-		rawset(<table>,'abc','abc')	<table>
-		rawset(<table>,1.25,'abc')	<table>
-		rawset(<table>,true,'abc')	<table>
-		rawset(<table>,<table>,'abc')	<table>
-		rawset(<table>,<function>,'abc')	<table>
-		rawset(<table>,'abc',1.25)	<table>
-		rawset(<table>,1.25,1.25)	<table>
-		rawset(<table>,true,1.25)	<table>
-		rawset(<table>,<table>,1.25)	<table>
-		rawset(<table>,<function>,1.25)	<table>
-		rawset(<table>,'abc',true)	<table>
-		rawset(<table>,1.25,true)	<table>
-		rawset(<table>,true,true)	<table>
-		rawset(<table>,<table>,true)	<table>
-		rawset(<table>,<function>,true)	<table>
-		rawset(<table>,'abc',<table>)	<table>
-		rawset(<table>,1.25,<table>)	<table>
-		rawset(<table>,true,<table>)	<table>
-		rawset(<table>,<table>,<table>)	<table>
-		rawset(<table>,<function>,<table>)	<table>
-		rawset(<table>,'abc',<function>)	<table>
-		rawset(<table>,1.25,<function>)	<table>
-		rawset(<table>,true,<function>)	<table>
-		rawset(<table>,<table>,<function>)	<table>
-		rawset(<table>,<function>,<function>)	<table>
-		rawset(<table>,'abc',<thread>)	<table>
-		rawset(<table>,1.25,<thread>)	<table>
-		rawset(<table>,true,<thread>)	<table>
-		rawset(<table>,<table>,<thread>)	<table>
-		rawset(<table>,<function>,<thread>)	<table>
--- checkallerrors
--- checkallerrors
-		rawset()	...bad argument...
--- checkallerrors
-		rawset(nil,'abc','abc')	...bad argument...
-		rawset('abc','abc','abc')	...bad argument...
-		rawset(1.25,'abc','abc')	...bad argument...
-		rawset(true,'abc','abc')	...bad argument...
-		rawset(<function>,'abc','abc')	...bad argument...
-		rawset(<thread>,'abc','abc')	...bad argument...
-		rawset(nil,1.25,'abc')	...bad argument...
-		rawset('abc',1.25,'abc')	...bad argument...
-		rawset(1.25,1.25,'abc')	...bad argument...
-		rawset(true,1.25,'abc')	...bad argument...
-		rawset(<function>,1.25,'abc')	...bad argument...
-		rawset(<thread>,1.25,'abc')	...bad argument...
-		rawset(nil,'abc',1.25)	...bad argument...
-		rawset('abc','abc',1.25)	...bad argument...
-		rawset(1.25,'abc',1.25)	...bad argument...
-		rawset(true,'abc',1.25)	...bad argument...
-		rawset(<function>,'abc',1.25)	...bad argument...
-		rawset(<thread>,'abc',1.25)	...bad argument...
-		rawset(nil,1.25,1.25)	...bad argument...
-		rawset('abc',1.25,1.25)	...bad argument...
-		rawset(1.25,1.25,1.25)	...bad argument...
-		rawset(true,1.25,1.25)	...bad argument...
-		rawset(<function>,1.25,1.25)	...bad argument...
-		rawset(<thread>,1.25,1.25)	...bad argument...
--- checkallerrors
-		rawset(<table>,'aa')	...bad argument...
====== select ======
--- checkallpass
-		select(1.25,nil)	nil
-		select('#',nil)	1
-		select(1.25,'abc')	'abc'
-		select('#','abc')	1
-		select(1.25,1.25)	1.25
-		select('#',1.25)	1
-		select(1.25,true)	true
-		select('#',true)	1
-		select(1.25,<table>)	<table>
-		select('#',<table>)	1
-		select(1.25,<function>)	<function>
-		select('#',<function>)	1
-		select(1.25,<thread>)	<thread>
-		select('#',<thread>)	1
--- checkallerrors
-		select(nil)	...bad argument...
-		select('abc')	...bad argument...
-		select(true)	...bad argument...
-		select(<table>)	...bad argument...
-		select(<function>)	...bad argument...
-		select(<thread>)	...bad argument...
====== setfenv ======
--- checkallpass
-		setfenv(<function>,<table>)	<function>
--- checkallerrors
-		setfenv(-1,<table>)	...level must be non-negative...
-		setfenv('-2',<table>)	...level must be non-negative...
--- checkallerrors
-		setfenv(10,<table>)	...invalid level...
-		setfenv('11',<table>)	...invalid level...
--- checkallerrors
-		setfenv(<function>,<table>)	...cannot change environment of given object...
--- checkallerrors
-		setfenv(<table>,<table>)	...bad argument...
-		setfenv(<thread>,<table>)	...bad argument...
-		setfenv(true,<table>)	...bad argument...
-		setfenv('abc',<table>)	...bad argument...
--- checkallerrors
-		setfenv(nil)	...bad argument...
-		setfenv('abc')	...bad argument...
-		setfenv(1.25)	...bad argument...
-		setfenv(true)	...bad argument...
-		setfenv(<table>)	...bad argument...
-		setfenv(<thread>)	...bad argument...
--- checkallerrors
-		setfenv(nil)	...bad argument...
-		setfenv('abc')	...bad argument...
-		setfenv(1.25)	...bad argument...
-		setfenv(true)	...bad argument...
-		setfenv(<table>)	...bad argument...
-		setfenv(<function>)	...bad argument...
-		setfenv(<thread>)	...bad argument...
--- checkallerrors
-		setfenv(<function>,nil)	...bad argument...
-		setfenv(<function>,'abc')	...bad argument...
-		setfenv(<function>,1.25)	...bad argument...
-		setfenv(<function>,true)	...bad argument...
-		setfenv(<function>,<function>)	...bad argument...
-		setfenv(<function>,<thread>)	...bad argument...
====== setmetatable ======
--- checkallpass
-		setmetatable(<table>,<table>)	<table>
--- checkallpass
--- checkallerrors
-		setmetatable(nil,<table>)	...bad argument...
-		setmetatable('abc',<table>)	...bad argument...
-		setmetatable(1.25,<table>)	...bad argument...
-		setmetatable(true,<table>)	...bad argument...
-		setmetatable(<function>,<table>)	...bad argument...
-		setmetatable(<thread>,<table>)	...bad argument...
--- checkallerrors
-		setmetatable(<table>,'abc')	...bad argument...
-		setmetatable(<table>,1.25)	...bad argument...
-		setmetatable(<table>,true)	...bad argument...
-		setmetatable(<table>,<function>)	...bad argument...
-		setmetatable(<table>,<thread>)	...bad argument...
====== tonumber ======
--- checkallpass
-		tonumber(1.25,nil)	1.25
-		tonumber('789',nil)	789
-		tonumber(1.25,2)	nil
-		tonumber('789',2)	nil
-		tonumber(1.25,10)	1.25
-		tonumber('789',10)	789
-		tonumber(1.25,36)	nil
-		tonumber('789',36)	9369
--- checkallpass
-		tonumber('abc',nil)	nil
-		tonumber(1.25,nil)	1.25
-		tonumber(true,nil)	nil
-		tonumber(<table>,nil)	nil
-		tonumber(<function>,nil)	nil
-		tonumber(<thread>,nil)	nil
-		tonumber('abc',10)	nil
-		tonumber(1.25,10)	1.25
-		tonumber(true,10)	nil
-		tonumber(<table>,10)	nil
-		tonumber(<function>,10)	nil
-		tonumber(<thread>,10)	nil
--- checkallerrors
-		tonumber(nil,2)	...bad argument...
-		tonumber(<function>,2)	...bad argument...
-		tonumber(<table>,2)	...bad argument...
-		tonumber(nil,9)	...bad argument...
-		tonumber(<function>,9)	...bad argument...
-		tonumber(<table>,9)	...bad argument...
-		tonumber(nil,11)	...bad argument...
-		tonumber(<function>,11)	...bad argument...
-		tonumber(<table>,11)	...bad argument...
-		tonumber(nil,36)	...bad argument...
-		tonumber(<function>,36)	...bad argument...
-		tonumber(<table>,36)	...bad argument...
--- checkallerrors
-		tonumber(1.25,1)	...bad argument...
-		tonumber('789',1)	...bad argument...
-		tonumber(1.25,37)	...bad argument...
-		tonumber('789',37)	...bad argument...
-		tonumber(1.25,<table>)	...bad argument...
-		tonumber('789',<table>)	...bad argument...
-		tonumber(1.25,<function>)	...bad argument...
-		tonumber('789',<function>)	...bad argument...
-		tonumber(1.25,true)	...bad argument...
-		tonumber('789',true)	...bad argument...
====== tostring ======
--- checkallpass
-		tostring('abc')	'abc'
-		tostring(1.25)	'1.25'
-		tostring(true)	'true'
--- checkallpass
-		tostring(<table>)	string
-		tostring(<function>)	string
-		tostring(<thread>)	string
--- checkallpass
-		tostring('abc','anchor')	'abc'
-		tostring(1.25,'anchor')	'1.25'
-		tostring(true,'anchor')	'true'
--- checkallpass
-		tostring(<table>,'anchor')	string
-		tostring(<function>,'anchor')	string
-		tostring(<thread>,'anchor')	string
--- checkallerrors
-		tostring()	...bad argument...
====== type ======
--- checkallpass
-		type('abc')	'string'
-		type(1.25)	'number'
-		type(true)	'boolean'
-		type(<table>)	'table'
-		type(<function>)	'function'
-		type(<thread>)	'thread'
--- checkallpass
-		type(nil,'anchor')	'nil'
-		type('abc','anchor')	'string'
-		type(1.25,'anchor')	'number'
-		type(true,'anchor')	'boolean'
-		type(<table>,'anchor')	'table'
-		type(<function>,'anchor')	'function'
-		type(<thread>,'anchor')	'thread'
--- checkallerrors
-		type()	...bad argument...
====== unpack ======
--- checkallpass
-		unpack(<table>)	
--- checkallpass
-		unpack(<table>,3)	
-		unpack(<table>,'5')	
--- checkallpass
-		unpack(<table>,3,1.25)	
-		unpack(<table>,'5',1.25)	
-		unpack(<table>,3,'7')	nil,nil,nil,nil,nil
-		unpack(<table>,'5','7')	nil,nil,nil
--- checkallpass
-		unpack(nil,2,1)	
-		unpack('abc',2,1)	
-		unpack(1.25,2,1)	
-		unpack(true,2,1)	
-		unpack(<function>,2,1)	
-		unpack(<thread>,2,1)	
--- checkallerrors
-		unpack(nil)	...attempt to get length of...
-		unpack(1.25)	...attempt to get length of...
-		unpack(true)	...attempt to get length of...
-		unpack(<function>)	...attempt to get length of...
-		unpack(<thread>)	...attempt to get length of...
--- checkallerrors
-		unpack(nil,1,2)	...attempt to index...
needcheck 	unpack('abc',1,2)	nil
-		unpack(1.25,1,2)	...attempt to index...
-		unpack(true,1,2)	...attempt to index...
-		unpack(<function>,1,2)	...attempt to index...
-		unpack(<thread>,1,2)	...attempt to index...
--- checkallerrors
-		unpack(<table>,'abc',1.25)	...bad argument...
-		unpack(<table>,true,1.25)	...bad argument...
-		unpack(<table>,<table>,1.25)	...bad argument...
-		unpack(<table>,<function>,1.25)	...bad argument...
-		unpack(<table>,<thread>,1.25)	...bad argument...
-		unpack(<table>,'abc','789')	...bad argument...
-		unpack(<table>,true,'789')	...bad argument...
-		unpack(<table>,<table>,'789')	...bad argument...
-		unpack(<table>,<function>,'789')	...bad argument...
-		unpack(<table>,<thread>,'789')	...bad argument...
--- checkallerrors
-		unpack(<table>,1.25,'abc')	...bad argument...
-		unpack(<table>,'789','abc')	...bad argument...
-		unpack(<table>,1.25,true)	...bad argument...
-		unpack(<table>,'789',true)	...bad argument...
-		unpack(<table>,1.25,<table>)	...bad argument...
-		unpack(<table>,'789',<table>)	...bad argument...
-		unpack(<table>,1.25,<function>)	...bad argument...
-		unpack(<table>,'789',<function>)	...bad argument...
-		unpack(<table>,1.25,<thread>)	...bad argument...
-		unpack(<table>,'789',<thread>)	...bad argument...
====== xpcall ======
--- checkallpass
-		xpcall('abc','abc')	false,'error in error handling'
-		xpcall(1.25,'abc')	false,'error in error handling'
-		xpcall(true,'abc')	false,'error in error handling'
-		xpcall(<table>,'abc')	false,'error in error handling'
-		xpcall(<function>,'abc')	true
-		xpcall(<thread>,'abc')	false,'error in error handling'
-		xpcall('abc',1.25)	false,'error in error handling'
-		xpcall(1.25,1.25)	false,'error in error handling'
-		xpcall(true,1.25)	false,'error in error handling'
-		xpcall(<table>,1.25)	false,'error in error handling'
-		xpcall(<function>,1.25)	true
-		xpcall(<thread>,1.25)	false,'error in error handling'
-		xpcall('abc',true)	false,'error in error handling'
-		xpcall(1.25,true)	false,'error in error handling'
-		xpcall(true,true)	false,'error in error handling'
-		xpcall(<table>,true)	false,'error in error handling'
-		xpcall(<function>,true)	true
-		xpcall(<thread>,true)	false,'error in error handling'
-		xpcall('abc',<table>)	false,'error in error handling'
-		xpcall(1.25,<table>)	false,'error in error handling'
-		xpcall(true,<table>)	false,'error in error handling'
-		xpcall(<table>,<table>)	false,'error in error handling'
-		xpcall(<function>,<table>)	true
-		xpcall(<thread>,<table>)	false,'error in error handling'
-		xpcall('abc',<thread>)	false,'error in error handling'
-		xpcall(1.25,<thread>)	false,'error in error handling'
-		xpcall(true,<thread>)	false,'error in error handling'
-		xpcall(<table>,<thread>)	false,'error in error handling'
-		xpcall(<function>,<thread>)	true
-		xpcall(<thread>,<thread>)	false,'error in error handling'
--- checkallpass
-		xpcall('abc',<function>)	false,'aaa'
-		xpcall(1.25,<function>)	false,'aaa'
-		xpcall(true,<function>)	false,'aaa'
-		xpcall(<table>,<function>)	false,'aaa'
-		xpcall(<function>,<function>)	true
-		xpcall(<thread>,<function>)	false,'aaa'
--- checkallerrors
-		xpcall(nil)	...bad argument...
-		xpcall('abc')	...bad argument...
-		xpcall(1.25)	...bad argument...
-		xpcall(true)	...bad argument...
-		xpcall(<table>)	...bad argument...
-		xpcall(<function>)	...bad argument...
-		xpcall(<thread>)	...bad argument...
