====== require ======
--- checkallpass
-		require('math')	table
-		require('coroutine')	table
-		require('package')	table
-		require('string')	table
-		require('table')	table
--- checkallerrors
-		require(1.25)	...not found...
--- checkallerrors
-		require(nil)	...bad argument...
-		require(true)	...bad argument...
-		require(<function>)	...bad argument...
-		require(<table>)	...bad argument...
====== package.loadlib ======
--- checkallpass
-		package.loadlib('foo','bar')	nil,string,string
--- checkallerrors
-		package.loadlib(nil)	...bad argument...
-		package.loadlib(true)	...bad argument...
-		package.loadlib(<table>)	...bad argument...
-		package.loadlib(<function>)	...bad argument...
-		package.loadlib(<thread>)	...bad argument...
====== package.seeall ======
--- checkallpass
-		package.seeall(<table>)	
--- checkallerrors
-		package.seeall(nil)	...bad argument...
-		package.seeall('abc')	...bad argument...
-		package.seeall(1.25)	...bad argument...
-		package.seeall(true)	...bad argument...
-		package.seeall(<function>)	...bad argument...
-		package.seeall(<thread>)	...bad argument...
====== module ======
--- checkallerrors
-		module(20001,nil,nil)	...'module' not called from a Lua function...
-		module(20001,<function>,nil)	...'module' not called from a Lua function...
-		module(20001,nil,<function>)	...'module' not called from a Lua function...
-		module(20001,<function>,<function>)	...'module' not called from a Lua function...
--- checkallerrors
-		module('testmodule1',nil)	...'module' not called from a Lua function...
-		module('testmodule1','pqrs')	...'module' not called from a Lua function...
-		module('testmodule1',true)	...'module' not called from a Lua function...
-		module('testmodule1',<thread>)	...'module' not called from a Lua function...
-		module('testmodule1',<table>)	...'module' not called from a Lua function...
--- checkallerrors
-		module(true)	...bad argument...
-		module(<table>)	...bad argument...
-		module(<function>)	...bad argument...
--- checkallerrors
-		module(true,<function>)	...bad argument...
-		module(<table>,<function>)	...bad argument...
-		module(<function>,<function>)	...bad argument...
--- checkallpass
-		module('foo1')	
-		module(20001)	
--- checkallpass
-		module('foo2',<function>)	
-		module(20002,<function>)	
--- checkallpass
-		module('foo3',<function>,<function>)	
-		module(20003,<function>,<function>)	
--- checkallerrors
-		module(true)	...bad argument...
-		module(<table>)	...bad argument...
-		module(<function>)	...bad argument...
--- checkallerrors
-		module(true,<function>)	...bad argument...
-		module(<table>,<function>)	...bad argument...
-		module(<function>,<function>)	...bad argument...
--- checkallerrors
-		module('testmodule2','pqrs')	...attempt to call...
--- checkallerrors
-		module('testmodule3',true)	...attempt to call...
--- checkallerrors
-		module('testmodule4',<thread>)	...attempt to call...
--- checkallerrors
-		module('testmodule5',<table>)	...attempt to call...
